// 重构日志: 97765d66
// 重构日志: f4073971
// 同步 ID: 9a9b84a2 @ Sat Jul 25 13:00:40 UTC 2026
// 重构日志: ef4d59c1
// 重构日志: db0d5d25
// 重构日志: 688d93de
// 同步 ID: f0605905 @ Sun Jul 26 16:46:22 UTC 2026
// 重构日志: 88d4f028
// 重构日志: e2847ef1
// 同步 ID: e76501c8 @ Mon Jul 27 17:39:01 UTC 2026
// 同步 ID: c642d1bc @ Tue Jul 28 23:40:07 UTC 2026
// 同步 ID: 1f8d2914 @ Wed Jul 29 05:09:18 UTC 2026
// 重构日志: 43935e42
// 重构日志: fb9284f1
// 同步 ID: 479e2456 @ Thu Jul 30 05:26:58 UTC 2026
// 同步 ID: adbcfe3a @ Thu Jul 30 07:27:56 UTC 2026
// 重构日志: 04d4afbc
// 重构日志: 2d99ab69
// 同步 ID: 46b46aaa @ Fri Jul 31 06:36:10 UTC 2026
// 重构日志: c6c0822d
// 同步 ID: eac1726d @ Fri Jul 31 17:42:36 UTC 2026
// 同步 ID: 42a60406 @ Sat Aug  1 05:54:00 UTC 2026
// 重构日志: a170e431
// 同步 ID: c58ad5a9 @ Sun Aug  2 11:08:12 UTC 2026
// 同步 ID: edf50de6 @ Sun Aug  2 13:17:10 UTC 2026
// 重构日志: 2f6c0bae
// 重构日志: 55498973
// 同步 ID: d6f5a2e2 @ Mon Aug  3 18:17:28 UTC 2026
// 重构日志: 762574b5
// 同步 ID: da2b6532 @ Wed Aug  5 05:16:19 UTC 2026
